{
  "schema": "dbce.outrun2006.command-summary",
  "version": 1,
  "metric_definitions": "dbce.outrun2006.command-metrics@1",
  "recording_format": "experimental-DBCEORR2-v2",
  "recording_sha256": "82bf8fe00622c8c95b344badc20bf8d037bd95279b34afda9919472d2b557d7b",
  "declared_calculation_revision": "73747cc3585f48c64465340c8c21ee5c06093cf8",
  "declared_revision_authenticated": false,
  "production_recalculation_verified": true,
  "physical_output": false,
  "domain": "legacy-calculation-requests-before-master-strength-and-native-encoding",
  "frame_count": 48,
  "checkpoint_count": 3,
  "configuration_change_count": 1,
  "sample_tick_span_ms": 799,
  "fixed60_calculation_step_sum_seconds": 0.80000000000000004,
  "constant": {
    "units": "pre-actuator-native-range-request",
    "request_count": 48,
    "minimum_signed_request": -10000,
    "maximum_signed_request": 4385,
    "peak_absolute_request": 10000,
    "mean_absolute_request": 3256.7291666666665,
    "request_cap_absolute_units": 10000,
    "requests_at_cap": 1,
    "request_cap_fraction": 0.020833333333333332,
    "nonzero_requests": 48,
    "nonzero_request_fraction": 1,
    "frames_with_request": 48,
    "frames_with_nonzero_request": 48,
    "request_frame_activity_fraction": 1,
    "nonzero_request_frame_activity_fraction": 1,
    "requests_with_feedback_different_from_requested_value": 1,
    "within_segment_request_pairs": 44,
    "maximum_absolute_request_delta": 10117,
    "positive_tick_request_pairs": 44,
    "equal_tick_pairs_without_rate": 0,
    "maximum_request_pair_average_delta_units_per_sample_tick_second": 595117.6470588235
  },
  "periodic": {
    "units": "pre-clamp-amplitude-parameter-and-requested-Hz",
    "request_count": 4,
    "frames_with_request": 2,
    "minimum_amplitude_parameter": 0.11791124194860458,
    "maximum_amplitude_parameter": 0.24000000953674316,
    "minimum_requested_frequency_hz": 31,
    "maximum_requested_frequency_hz": 35.957328796386719
  },
  "unsupported": {
    "post_strength_output_envelope": null,
    "time_weighted_output_cap_occupancy": null,
    "effect_duty_or_nonzero_hold_duration": null,
    "physical_torque_nm": null,
    "instantaneous_actuator_slew": null,
    "shutdown_zero_or_release_success": null,
    "cross_game_feel_equivalence": null
  }
}
